// Jest Snapshot v1, https://goo.gl/fbAQLP

exports[`Should UserNav render correctly 1`] = `
<nav
  className="header__nav"
>
  <ul
    className="header__nav-list"
  >
    <li
      className="header__nav-item user"
    >
      <a
        className="header__nav-link header__nav-link--profile"
        href="/favorites"
        onClick={[Function]}
      >
        <div
          className="header__avatar-wrapper user__avatar-wrapper"
        >
           
        </div>
        <span
          className="header__user-name user__name"
        />
      </a>
    </li>
  </ul>
</nav>
`;
