// Jest Snapshot v1, https://goo.gl/fbAQLP

exports[`Should Property render correctly 1`] = `
<div
  className="page"
>
  <header
    className="header"
  >
    <div
      className="container"
    >
      <div
        className="header__wrapper"
      >
        <div
          className="header__left"
        >
          <a
            className="header__logo-link"
            href="/"
          >
            <img
              alt="6 cities logo"
              className="header__logo"
              height="41"
              src="img/logo.svg"
              width="81"
            />
          </a>
        </div>
        <nav
          className="header__nav"
        >
          <ul
            className="header__nav-list"
          >
            <li
              className="header__nav-item user"
            >
              <a
                className="header__nav-link header__nav-link--profile"
                href="/favorites"
                onClick={[Function]}
              >
                <div
                  className="header__avatar-wrapper user__avatar-wrapper"
                >
                   
                </div>
                <span
                  className="header__user-name user__name"
                />
              </a>
            </li>
          </ul>
        </nav>
      </div>
    </div>
  </header>
  <main
    className="page__main page__main--property"
  >
    <section
      className="property"
    >
      <div
        className="property__gallery-container container"
      >
        <div
          className="property__gallery"
        >
          <div
            className="property__image-wrapper"
          >
            <img
              alt="Wood and stone place"
              className="property__image"
              src="https://htmlacademy-react-3.appspot.com/six-cities/static/hotel/10.jpg"
            />
          </div>
          <div
            className="property__image-wrapper"
          >
            <img
              alt="Wood and stone place"
              className="property__image"
              src="https://htmlacademy-react-3.appspot.com/six-cities/static/hotel/11.jpg"
            />
          </div>
          <div
            className="property__image-wrapper"
          >
            <img
              alt="Wood and stone place"
              className="property__image"
              src="https://htmlacademy-react-3.appspot.com/six-cities/static/hotel/12.jpg"
            />
          </div>
          <div
            className="property__image-wrapper"
          >
            <img
              alt="Wood and stone place"
              className="property__image"
              src="https://htmlacademy-react-3.appspot.com/six-cities/static/hotel/13.jpg"
            />
          </div>
          <div
            className="property__image-wrapper"
          >
            <img
              alt="Wood and stone place"
              className="property__image"
              src="https://htmlacademy-react-3.appspot.com/six-cities/static/hotel/8.jpg"
            />
          </div>
          <div
            className="property__image-wrapper"
          >
            <img
              alt="Wood and stone place"
              className="property__image"
              src="https://htmlacademy-react-3.appspot.com/six-cities/static/hotel/9.jpg"
            />
          </div>
        </div>
      </div>
      <div
        className="property__container container"
      >
        <div
          className="property__wrapper"
        >
          <div
            className="property__name-wrapper"
          >
            <h1
              className="property__name"
            >
              Wood and stone place
            </h1>
            <button
              className="place-card__bookmark-button place-card__bookmark-button button"
              onClick={[Function]}
              style={
                Object {
                  "position": "absolute",
                  "right": "93px",
                  "top": "41px",
                }
              }
              type="button"
            >
              <svg
                className="place-card__bookmark-icon"
                height="33"
                width="31"
              >
                <use
                  xlinkHref="#icon-bookmark"
                />
              </svg>
              <span
                className="visually-hidden"
              >
                In bookmarks
              </span>
            </button>
          </div>
          <div
            className="property__rating rating"
          >
            <div
              className="property__stars rating__stars"
            >
              <span
                style={
                  Object {
                    "width": "100%",
                  }
                }
              />
              <span
                className="visually-hidden"
              >
                Rating
              </span>
            </div>
            <span
              className="property__rating-value rating__value"
            >
              2.9
            </span>
          </div>
          <ul
            className="property__features"
          >
            <li
              className="property__feature property__feature--entire"
            >
              house
            </li>
            <li
              className="property__feature property__feature--bedrooms"
            >
              5
               Bedrooms
            </li>
            <li
              className="property__feature property__feature--adults"
            >
              Max 
              5
               adults
            </li>
          </ul>
          <div
            className="property__price"
          >
            <b
              className="property__price-value"
            >
              €
              403
            </b>
            <span
              className="property__price-text"
            >
               night
            </span>
          </div>
          <div
            className="property__inside"
          >
            <h2
              className="property__inside-title"
            >
              What's inside
            </h2>
            <ul
              className="property__inside-list"
            >
              <li
                className="property__inside-item"
              >
                Breakfast
              </li>
              <li
                className="property__inside-item"
              >
                Washer
              </li>
              <li
                className="property__inside-item"
              >
                Air conditioning
              </li>
              <li
                className="property__inside-item"
              >
                Laptop friendly workspace
              </li>
              <li
                className="property__inside-item"
              >
                Baby seat
              </li>
            </ul>
          </div>
          <div
            className="property__host"
          >
            <h2
              className="property__host-title"
            >
              Meet the host
            </h2>
            <div
              className="property__host-user user"
            >
              <div
                className="property__avatar-wrapper  property__avatar-wrapper--pro user__avatar-wrapper"
              >
                <img
                  alt="Angelina"
                  className="property__avatar user__avatar"
                  height="74"
                  src="img/avatar-angelina.jpg"
                  width="74"
                />
              </div>
              <span
                className="property__user-name"
              >
                Angelina
              </span>
            </div>
            <div
              className="property__description"
            >
              <p
                className="property__text"
              >
                Design interior in most sympathetic area! Complitely renovated, well-equipped, cosy studio in idyllic, over 100 years old wooden house. Calm street, fast connection to center and airport.
              </p>
            </div>
          </div>
          <section
            className="property__reviews reviews"
          >
            <h2
              className="reviews__title"
            >
              Reviews · 
              <span
                className="reviews__amount"
              />
            </h2>
            <ul
              className="reviews__list"
            />
          </section>
        </div>
      </div>
      <section
        className="property__map map"
      />
    </section>
    <div
      className="container"
    >
      <section
        className="near-places places"
      >
        <h2
          className="near-places__title"
        >
          Other places in the neighbourhood
        </h2>
        <div
          className="near-places__list places__list"
        />
      </section>
    </div>
  </main>
</div>
`;
